<?xml version="1.0" encoding="utf-8"?>
<TestRun id="aade3a67-b95d-47a1-8ed4-ad071b5fb018" name="to_som_ja@DESKTOP-15QUBI0 2022-07-12 12:58:52" runUser="DESKTOP-15QUBI0\to_som_ja" xmlns="http://microsoft.com/schemas/VisualStudio/TeamTest/2010">
  <Times creation="2022-07-12T12:58:52.4803337+02:00" queuing="2022-07-12T12:58:52.4803338+02:00" start="2022-07-12T12:58:51.8569883+02:00" finish="2022-07-12T12:58:52.4928445+02:00" />
  <TestSettings name="default" id="4e028bd5-b118-454c-b37f-a1f05d5c545a">
    <Deployment runDeploymentRoot="to_som_ja_DESKTOP-15QUBI0_2022-07-12_12_58_52" />
  </TestSettings>
  <Results>
    <UnitTestResult executionId="e8f32ce7-6ce1-401b-b849-7aeceb20a168" testId="ea72b498-5e54-4157-8c9f-fba977d71227" testName="Test1" computerName="DESKTOP-15QUBI0" duration="00:00:00.0202132" startTime="2022-07-12T12:58:52.3244305+02:00" endTime="2022-07-12T12:58:52.3564234+02:00" testType="13cdc9d9-ddb5-4fa4-a97d-d965ccfc6d4b" outcome="Failed" testListId="8c84fa94-04c1-424b-9868-57a2d4851a1d" relativeResultsDirectory="e8f32ce7-6ce1-401b-b849-7aeceb20a168">
      <Output>
        <ErrorInfo>
          <Message>Assert.IsTrue failed. </Message>
          <StackTrace>   at TestMock.UnitTest.Test1() in C:\TestMock\UnitTest.cs:line 14&#xD;
</StackTrace>
        </ErrorInfo>
      </Output>
    </UnitTestResult>
    <UnitTestResult executionId="44eed70c-e14b-4536-8f27-8eae62eb9717" testId="05d7070f-317c-4c6b-a634-06b3ddbb1df9" testName="Test4" computerName="DESKTOP-15QUBI0" duration="00:00:00.0003116" startTime="2022-07-12T12:58:52.3630584+02:00" endTime="2022-07-12T12:58:52.3635064+02:00" testType="13cdc9d9-ddb5-4fa4-a97d-d965ccfc6d4b" outcome="Failed" testListId="8c84fa94-04c1-424b-9868-57a2d4851a1d" relativeResultsDirectory="44eed70c-e14b-4536-8f27-8eae62eb9717">
      <Output>
        <ErrorInfo>
          <Message>Assert.IsTrue failed. </Message>
          <StackTrace>   at TestMock.UnitTest.Test4() in C:\TestMock\UnitTest.cs:line 39&#xD;
</StackTrace>
        </ErrorInfo>
      </Output>
    </UnitTestResult>
    <UnitTestResult executionId="b5655e5a-2fde-43b6-8590-bdf9d0275773" testId="9c9c5044-75ce-45a1-946f-e70c0f5103a0" testName="Test3" computerName="DESKTOP-15QUBI0" duration="00:00:00.0003232" startTime="2022-07-12T12:58:52.3626687+02:00" endTime="2022-07-12T12:58:52.3630373+02:00" testType="13cdc9d9-ddb5-4fa4-a97d-d965ccfc6d4b" outcome="Failed" testListId="8c84fa94-04c1-424b-9868-57a2d4851a1d" relativeResultsDirectory="b5655e5a-2fde-43b6-8590-bdf9d0275773">
      <Output>
        <ErrorInfo>
          <Message>Assert.IsTrue failed. </Message>
          <StackTrace>   at TestMock.UnitTest.Test3() in C:\TestMock\UnitTest.cs:line 30&#xD;
</StackTrace>
        </ErrorInfo>
      </Output>
    </UnitTestResult>
    <UnitTestResult executionId="add2d9e9-c4a3-4f03-a470-b0d5c9801cef" testId="bb88fe90-2a01-431a-ab29-8e966ac5c872" testName="Test2" computerName="DESKTOP-15QUBI0" duration="00:00:00.0004493" startTime="2022-07-12T12:58:52.3620838+02:00" endTime="2022-07-12T12:58:52.3626292+02:00" testType="13cdc9d9-ddb5-4fa4-a97d-d965ccfc6d4b" outcome="Failed" testListId="8c84fa94-04c1-424b-9868-57a2d4851a1d" relativeResultsDirectory="add2d9e9-c4a3-4f03-a470-b0d5c9801cef">
      <Output>
        <ErrorInfo>
          <Message>Assert.IsTrue failed. </Message>
          <StackTrace>   at TestMock.UnitTest.Test2() in C:\TestMock\UnitTest.cs:line 22&#xD;
</StackTrace>
        </ErrorInfo>
      </Output>
    </UnitTestResult>
  </Results>
  <TestDefinitions>
    <UnitTest name="Test2" storage="c:\testmock\bin\debug\net6.0\testmock.dll" id="bb88fe90-2a01-431a-ab29-8e966ac5c872">
      <Execution id="add2d9e9-c4a3-4f03-a470-b0d5c9801cef" />
      <TestMethod codeBase="C:\TestMock\bin\Debug\net6.0\TestMock.dll" adapterTypeName="executor://mstestadapter/v2" className="TestMock.UnitTest" name="Test2" />
    </UnitTest>
    <UnitTest name="Test4" storage="c:\testmock\bin\debug\net6.0\testmock.dll" id="05d7070f-317c-4c6b-a634-06b3ddbb1df9">
      <Execution id="44eed70c-e14b-4536-8f27-8eae62eb9717" />
      <TestMethod codeBase="C:\TestMock\bin\Debug\net6.0\TestMock.dll" adapterTypeName="executor://mstestadapter/v2" className="TestMock.UnitTest" name="Test4" />
    </UnitTest>
    <UnitTest name="Test1" storage="c:\testmock\bin\debug\net6.0\testmock.dll" id="ea72b498-5e54-4157-8c9f-fba977d71227">
      <Execution id="e8f32ce7-6ce1-401b-b849-7aeceb20a168" />
      <TestMethod codeBase="C:\TestMock\bin\Debug\net6.0\TestMock.dll" adapterTypeName="executor://mstestadapter/v2" className="TestMock.UnitTest" name="Test1" />
    </UnitTest>
    <UnitTest name="Test3" storage="c:\testmock\bin\debug\net6.0\testmock.dll" id="9c9c5044-75ce-45a1-946f-e70c0f5103a0">
      <Execution id="b5655e5a-2fde-43b6-8590-bdf9d0275773" />
      <TestMethod codeBase="C:\TestMock\bin\Debug\net6.0\TestMock.dll" adapterTypeName="executor://mstestadapter/v2" className="TestMock.UnitTest" name="Test3" />
    </UnitTest>
  </TestDefinitions>
  <TestEntries>
    <TestEntry testId="ea72b498-5e54-4157-8c9f-fba977d71227" executionId="e8f32ce7-6ce1-401b-b849-7aeceb20a168" testListId="8c84fa94-04c1-424b-9868-57a2d4851a1d" />
    <TestEntry testId="05d7070f-317c-4c6b-a634-06b3ddbb1df9" executionId="44eed70c-e14b-4536-8f27-8eae62eb9717" testListId="8c84fa94-04c1-424b-9868-57a2d4851a1d" />
    <TestEntry testId="9c9c5044-75ce-45a1-946f-e70c0f5103a0" executionId="b5655e5a-2fde-43b6-8590-bdf9d0275773" testListId="8c84fa94-04c1-424b-9868-57a2d4851a1d" />
    <TestEntry testId="bb88fe90-2a01-431a-ab29-8e966ac5c872" executionId="add2d9e9-c4a3-4f03-a470-b0d5c9801cef" testListId="8c84fa94-04c1-424b-9868-57a2d4851a1d" />
  </TestEntries>
  <TestLists>
    <TestList name="Results Not in a List" id="8c84fa94-04c1-424b-9868-57a2d4851a1d" />
    <TestList name="All Loaded Results" id="19431567-8539-422a-85d7-44ee4e166bda" />
  </TestLists>
  <ResultSummary outcome="Failed">
    <Counters total="4" executed="4" passed="0" failed="4" error="0" timeout="0" aborted="0" inconclusive="0" passedButRunAborted="0" notRunnable="0" notExecuted="0" disconnected="0" warning="0" completed="0" inProgress="0" pending="0" />
  </ResultSummary>
</TestRun>